// Jest Snapshot v1, https://goo.gl/fbAQLP

exports[`panic-footer renders 1`] = `
<panic-footer class="hydrated">
  <svc-footer color="primary" headline="Developed by SimplyVC" headline-position="start">
    <svc-buttons-container position="end">
      <svc-button href="https://twitter.com/Simply_VC" icon-name="logo-twitter" target="_blank"></svc-button>
      <svc-button href="https://github.com/SimplyVC" icon-name="logo-github" target="_blank"></svc-button>
      <svc-button href="https://medium.com/simply-vc" icon-name="logo-medium" target="_blank"></svc-button>
      <svc-button href="https://t.me/SimplyVC" icon-src="assets/logos/telegram_logo.svg" target="_blank"></svc-button>
      <svc-button href="https://simply-vc.com.mt" icon-src="assets/logos/simplyvc_logo.svg" target="_blank"></svc-button>
    </svc-buttons-container>
  </svc-footer>
</panic-footer>
`;
